---
source: src/lib.rs
description: "Input: 1 years, 2 months, 3 weeks, 5 days, 8 hours, 17 minutes and 45 seconds ago"
---
Ago > Duration
  - Quantifier
    - Num: "1"
    - TimeUnit > Year: "years"
  - Quantifier
    - Num: "2"
    - TimeUnit > Month: "months"
  - Quantifier
    - Num: "3"
    - TimeUnit > Week: "weeks"
  - Quantifier
    - Num: "5"
    - TimeUnit > Day: "days"
  - Quantifier
    - Num: "8"
    - TimeUnit > Hour: "hours"
  - Quantifier
    - Num: "17"
    - TimeUnit > Minute: "minutes"
  - Quantifier
    - Num: "45"
    - TimeUnit > Second: "seconds"
